table_create Terms TABLE_PAT_KEY ShortText --default_tokenizer TokenBigram
[[0,0.0,0.0],true]
table_create Memos TABLE_NO_KEY
[[0,0.0,0.0],true]
column_create Memos body COLUMN_SCALAR ShortText
[[0,0.0,0.0],true]
load --table Memos
[
{"body": "Rroonga is fast!"},
{"body": "Groonga is fast!"},
{"body": "Mroonga is fast!"},
{"body": "Groonga sticker!"},
{"body": "Groonga is good!"}
]
[[0,0.0,0.0],5]
column_create Terms memos_body COLUMN_INDEX|WITH_POSITION Memos body
[[0,0.0,0.0],true]
log_level --level info
[[0,0.0,0.0],true]
select Memos --query '_id:>=3 body:@"Groonga"' --output_columns _id,_score,body
[
  [
    0,
    0.0,
    0.0
  ],
  [
    [
      [
        2
      ],
      [
        [
          "_id",
          "UInt32"
        ],
        [
          "_score",
          "Int32"
        ],
        [
          "body",
          "ShortText"
        ]
      ],
      [
        4,
        2,
        "Groonga sticker!"
      ],
      [
        5,
        2,
        "Groonga is good!"
      ]
    ]
  ]
]
#|i| [table-selector][select][index][range][id] <Memos>
#|i| [object][search][index][key][exact] <Terms.memos_body>
#|i| grn_ii_sel > (Groonga)
#|i| [ii][select] n=6 (Groonga)
#|i| [ii][select][index-not-used][text] <Terms.memos_body>: enough filtered and index search will match many records: 3 <= 3.50: n-existing-records:3 estimated-size:5 ratio:70.00%
#|i| exact: 3
#|i| hits=3
log_level --level notice
[[0,0.0,0.0],true]
