table_create Numbers TABLE_NO_KEY
[[0,0.0,0.0],true]
column_create Numbers value COLUMN_SCALAR Int32
[[0,0.0,0.0],true]
load --table Numbers
[
{"value": 3},
{"value": -1},
{"value": 2}
]
[[0,0.0,0.0],3]
select Numbers --sort_keys -value
[[0,0.0,0.0],[[[3],[["_id","UInt32"],["value","Int32"]],[1,3],[3,2],[2,-1]]]]
